Microsoft Windows [Version 10.0.10240]
(c) 2015 Microsoft Corporation. All rights reserved.

C:\Users\Dell>npm -v
5.6.0

C:\Users\Dell>npm info @angular/cli

{ name: '@angular/cli',
  description: 'CLI tool for Angular',
  'dist-tags': { latest: '1.6.4', next: '1.7.0-beta.0' },
  versions:
   [ '1.0.0-beta.28.3',
     '1.0.0-beta.29',
     '1.0.0-beta.30',
     '1.0.0-beta.31',
     '1.0.0-beta.32',
     '1.0.0-beta.32.2',
     '1.0.0-beta.32.3',
     '1.0.0-beta.33',
     '1.0.0-beta.33.1',
     '1.0.0-rc.0',
     '1.0.0-rc.1',
     '1.0.0-rc.2',
     '1.0.0-rc.3',
     '1.0.0-rc.4',
     '1.0.0',
     '1.0.1',
     '1.0.2',
     '1.0.3',
     '1.0.4',
     '1.0.5',
     '1.0.6',
     '1.1.0-beta.0',
     '1.1.0-beta.1',
     '1.1.0-rc.0',
     '1.1.0-rc.1',
     '1.1.0-rc.2',
     '1.1.0',
     '1.1.1',
     '1.1.2',
     '1.1.3',
     '1.2.0-beta.0',
     '1.2.0-beta.1',
     '1.2.0-rc.0',
     '1.2.0-rc.1',
     '1.2.0',
     '1.2.1',
     '1.2.2',
     '1.2.3',
     '1.2.4',
     '1.2.5',
     '1.2.6',
     '1.2.7',
     '1.2.8',
     '1.3.0-beta.0',
     '1.3.0-beta.1',
     '1.3.0-rc.0',
     '1.3.0-rc.1',
     '1.3.0-rc.2',
     '1.3.0-rc.3',
     '1.3.0-rc.4',
     '1.3.0-rc.5',
     '1.3.0',
     '1.3.1',
     '1.3.2',
     '1.4.0-beta.0',
     '1.4.0-beta.1',
     '1.4.0-beta.2',
     '1.4.0-rc.0',
     '1.4.0-rc.1',
     '1.4.0-rc.2',
     '1.4.0',
     '1.4.1',
     '1.4.2',
     '1.4.3',
     '1.4.4',
     '1.4.5',
     '1.4.6',
     '1.4.7',
     '1.4.8',
     '1.4.9',
     '1.5.0-beta.0',
     '1.5.0-beta.1',
     '1.5.0-beta.2',
     '1.5.0-beta.3',
     '1.5.0-beta.4',
     '1.5.0-rc.0',
     '1.5.0-rc.1',
     '1.5.0-rc.2',
     '1.5.0-rc.3',
     '1.5.0-rc.4',
     '1.5.0-rc.5',
     '1.5.0-rc.6',
     '1.5.0-rc.7',
     '1.5.0-rc.8',
     '1.5.0',
     '1.5.1',
     '1.5.2',
     '1.5.3',
     '1.5.4',
     '1.5.5',
     '1.6.0-beta.0',
     '1.6.0-beta.1',
     '1.6.0-beta.2',
     '1.6.0-rc.0',
     '1.6.0-rc.1',
     '1.6.0-rc.2',
     '1.6.0',
     '1.6.1',
     '1.6.2',
     '1.6.3',
     '1.6.4',
     '1.7.0-beta.0' ],
  maintainers:
   [ 'angular-cli <hansl@google.com>',
     'angular <angular-core+npm@google.com>' ],
  time:
   { modified: '2018-01-18T02:30:16.570Z',
     created: '2017-02-01T22:39:48.654Z',
     '1.0.0-beta.28.3': '2017-02-01T22:39:48.654Z',
     '1.0.0-beta.29': '2017-02-02T02:31:47.645Z',
     '1.0.0-beta.30': '2017-02-03T01:33:52.259Z',
     '1.0.0-beta.31': '2017-02-09T23:56:06.277Z',
     '1.0.0-beta.32': '2017-02-17T01:51:53.654Z',
     '1.0.0-beta.32.2': '2017-02-17T02:00:52.484Z',
     '1.0.0-beta.32.3': '2017-02-17T02:08:23.149Z',
     '1.0.0-beta.33': '2017-02-25T05:21:36.887Z',
     '1.0.0-beta.33.1': '2017-02-25T05:59:19.475Z',
     '1.0.0-rc.0': '2017-02-25T07:30:35.378Z',
     '1.0.0-rc.1': '2017-03-03T03:12:06.772Z',
     '1.0.0-rc.2': '2017-03-13T23:35:46.979Z',
     '1.0.0-rc.3': '2017-03-21T00:49:12.653Z',
     '1.0.0-rc.4': '2017-03-21T01:33:52.067Z',
     '1.0.0': '2017-03-24T03:08:08.615Z',
     '1.0.1': '2017-04-25T02:55:49.584Z',
     '1.0.2': '2017-05-03T22:57:19.031Z',
     '1.1.0-beta.0': '2017-05-03T23:50:36.374Z',
     '1.0.3': '2017-05-09T21:00:17.413Z',
     '1.1.0-beta.1': '2017-05-09T21:42:35.163Z',
     '1.1.0-rc.0': '2017-05-15T22:19:37.926Z',
     '1.0.4': '2017-05-18T17:54:04.979Z',
     '1.0.5': '2017-05-24T22:17:19.130Z',
     '1.1.0-rc.1': '2017-05-24T22:36:47.469Z',
     '1.0.6': '2017-05-25T17:57:32.914Z',
     '1.1.0-rc.2': '2017-05-25T18:22:24.404Z',
     '1.1.0': '2017-05-31T20:22:53.831Z',
     '1.2.0-beta.0': '2017-05-31T21:13:50.572Z',
     '1.1.1': '2017-06-07T21:01:59.836Z',
     '1.2.0-beta.1': '2017-06-07T21:44:09.173Z',
     '1.1.2': '2017-06-15T20:39:42.222Z',
     '1.2.0-rc.0': '2017-06-15T21:16:57.470Z',
     '1.1.3': '2017-06-21T21:48:12.505Z',
     '1.2.0-rc.1': '2017-06-21T22:31:33.214Z',
     '1.2.0': '2017-06-29T19:21:25.576Z',
     '1.3.0-beta.0': '2017-06-29T19:55:56.904Z',
     '1.2.1': '2017-07-12T17:34:40.198Z',
     '1.3.0-beta.1': '2017-07-12T18:38:33.167Z',
     '1.2.2': '2017-07-20T21:06:26.951Z',
     '1.2.3': '2017-07-21T17:57:50.477Z',
     '1.3.0-rc.0': '2017-07-21T22:22:01.734Z',
     '1.2.4': '2017-07-24T19:01:16.743Z',
     '1.3.0-rc.1': '2017-07-24T19:03:08.281Z',
     '1.2.5': '2017-07-26T21:09:37.299Z',
     '1.3.0-rc.2': '2017-07-26T21:26:55.403Z',
     '1.2.6': '2017-07-27T18:29:09.611Z',
     '1.3.0-rc.3': '2017-07-27T18:55:31.455Z',
     '1.2.7': '2017-08-03T17:51:53.604Z',
     '1.3.0-rc.4': '2017-08-03T18:26:06.546Z',
     '1.3.0-rc.5': '2017-08-03T19:16:35.510Z',
     '1.2.8': '2017-08-09T22:34:57.034Z',
     '1.3.0': '2017-08-09T23:33:40.392Z',
     '1.4.0-beta.0': '2017-08-10T23:31:35.610Z',
     '1.3.1': '2017-08-17T20:44:40.289Z',
     '1.4.0-beta.1': '2017-08-18T00:00:02.218Z',
     '1.4.0-beta.2': '2017-08-18T19:06:12.921Z',
     '1.3.2': '2017-08-23T22:03:53.021Z',
     '1.4.0-rc.0': '2017-08-23T22:11:28.919Z',
     '1.4.0-rc.1': '2017-08-25T21:05:15.145Z',
     '1.4.0-rc.2': '2017-08-30T00:23:14.662Z',
     '1.4.0': '2017-09-07T16:31:09.637Z',
     '1.4.1': '2017-09-08T22:39:19.578Z',
     '1.5.0-beta.0': '2017-09-14T00:03:25.612Z',
     '1.4.2': '2017-09-14T00:35:39.637Z',
     '1.4.3': '2017-09-22T02:00:04.404Z',
     '1.5.0-beta.1': '2017-09-22T02:02:52.519Z',
     '1.4.4': '2017-09-28T23:01:05.205Z',
     '1.5.0-beta.2': '2017-09-28T23:03:16.645Z',
     '1.5.0-beta.3': '2017-10-03T20:33:31.803Z',
     '1.4.5': '2017-10-05T21:29:06.347Z',
     '1.5.0-beta.4': '2017-10-05T21:32:26.527Z',
     '1.4.6': '2017-10-12T01:31:14.231Z',
     '1.4.7': '2017-10-12T16:52:14.901Z',
     '1.5.0-rc.0': '2017-10-12T17:28:05.424Z',
     '1.4.8': '2017-10-18T20:09:29.000Z',
     '1.5.0-rc.1': '2017-10-18T20:13:37.270Z',
     '1.4.9': '2017-10-19T22:54:59.961Z',
     '1.5.0-rc.2': '2017-10-19T23:36:26.426Z',
     '1.5.0-rc.3': '2017-10-24T05:17:28.861Z',
     '1.5.0-rc.4': '2017-10-26T17:21:40.607Z',
     '1.5.0-rc.5': '2017-10-27T01:21:13.361Z',
     '1.5.0-rc.6': '2017-10-28T00:35:11.786Z',
     '1.5.0-rc.7': '2017-10-30T18:27:09.785Z',
     '1.5.0-rc.8': '2017-10-30T23:39:34.512Z',
     '1.5.0': '2017-11-01T19:14:57.082Z',
     '1.6.0-beta.0': '2017-11-06T17:42:44.810Z',
     '1.5.1': '2017-11-16T19:38:37.898Z',
     '1.6.0-beta.1': '2017-11-16T21:40:23.177Z',
     '1.6.0-beta.2': '2017-11-17T01:21:40.562Z',
     '1.5.2': '2017-11-17T01:26:51.925Z',
     '1.5.3': '2017-11-20T20:03:42.362Z',
     '1.5.4': '2017-11-23T06:45:21.874Z',
     '1.6.0-rc.0': '2017-11-23T06:53:15.662Z',
     '1.5.5': '2017-11-29T22:15:37.637Z',
     '1.6.0-rc.1': '2017-11-29T23:10:20.876Z',
     '1.6.0-rc.2': '2017-12-04T23:47:11.957Z',
     '1.6.0': '2017-12-06T21:31:10.861Z',
     '1.6.1': '2017-12-13T23:41:31.244Z',
     '1.6.2': '2017-12-21T01:22:27.846Z',
     '1.6.3': '2017-12-27T21:13:29.279Z',
     '1.6.4': '2018-01-11T22:59:39.682Z',
     '1.7.0-beta.0': '2018-01-12T04:30:46.079Z' },
  homepage: 'https://github.com/angular/angular-cli',
  keywords: [ 'angular', 'angular-cli', 'Angular CLI' ],
  repository:
   { type: 'git',
     url: 'git+https://github.com/angular/angular-cli.git' },
  author: 'Angular Authors',
  bugs: { url: 'https://github.com/angular/angular-cli/issues' },
  license: 'MIT',
  readmeFilename: 'README.md',
  users:
   { avil13: true,
     tonimoeckel: true,
     jota: true,
     baschte: true,
     stormos: true,
     szamocza: true,
     db6edr: true,
     willvanpelt: true,
     'ognjen.jevremovic': true,
     plastikaweb: true,
     waiwaiku: true,
     adli: true,
     reekdeb: true,
     'n.sanitate': true,
     niilante: true,
     qingqingcao: true,
     stefaans: true,
     'jlouros-io': true,
     fadihania: true,
     wilda: true,
     fdagosti: true,
     albertico88: true,
     kremr: true,
     plauret: true,
     infrabill: true,
     manojkhannakm: true,
     julianomontini: true,
     'stone-jin': true,
     springy: true,
     fmakareev: true,
     rastrearcelularonline: true,
     majkel: true,
     onsentamago: true,
     markymark: true,
     korbraan: true,
     allen_l_liu: true,
     polyeezy: true,
     joshdoescode: true,
     sirhcybe: true,
     shadster: true,
     samersm: true,
     tommyldunn: true,
     willwm: true,
     aran_sk: true,
     khcjump: true,
     orenschwartz: true,
     yangzw: true,
     stephanlv: true,
     advpat: true,
     tifbs: true,
     johnnyjohnjohn: true,
     iamclaytonray: true,
     shekharreddy: true,
     elijahsh: true,
     starknode: true,
     'thomas.miele': true,
     'adrian.arroyocalle': true,
     kungkk: true,
     adevil5: true,
     brunolm: true,
     zamis: true,
     hridoyryan: true,
     sgiant: true,
     mdedirudianto: true,
     nisimjoseph: true,
     appie: true,
     nitayneeman: true,
     ephigenia: true,
     okmogwai: true,
     'mohamed.bouanene': true,
     'malecki-se': true,
     nicolasbeltrami: true },
  version: '1.6.4',
  main: 'lib/cli/index.js',
  trackingCode: 'UA-8594346-19',
  bin: { ng: './bin/ng' },
  engines: { node: '>= 6.9.0', npm: '>= 3.0.0' },
  dependencies:
   { '@angular-devkit/build-optimizer': '~0.0.37',
     '@angular-devkit/schematics': '~0.0.44',
     '@ngtools/json-schema': '1.1.0',
     '@ngtools/webpack': '1.9.4',
     '@schematics/angular': '~0.1.12',
     autoprefixer: '^7.2.3',
     chalk: '~2.2.0',
     'circular-dependency-plugin': '^4.2.1',
     'common-tags': '^1.3.1',
     'copy-webpack-plugin': '^4.1.1',
     'core-object': '^3.1.0',
     'css-loader': '^0.28.1',
     cssnano: '^3.10.0',
     denodeify: '^1.2.1',
     'ember-cli-string-utils': '^1.0.0',
     'exports-loader': '^0.6.3',
     'extract-text-webpack-plugin': '^3.0.2',
     'file-loader': '^1.1.5',
     'fs-extra': '^4.0.0',
     glob: '^7.0.3',
     'html-webpack-plugin': '^2.29.0',
     'karma-source-map-support': '^1.2.0',
     less: '^2.7.2',
     'less-loader': '^4.0.5',
     'license-webpack-plugin': '^1.0.0',
     lodash: '^4.11.1',
     'loader-utils': '1.1.0',
     'memory-fs': '^0.4.1',
     minimatch: '^3.0.4',
     'node-modules-path': '^1.0.0',
     nopt: '^4.0.1',
     opn: '~5.1.0',
     portfinder: '~1.0.12',
     'postcss-import': '^11.0.0',
     'postcss-loader': '^2.0.10',
     'postcss-url': '^7.1.2',
     'raw-loader': '^0.5.1',
     resolve: '^1.1.7',
     rxjs: '^5.5.2',
     'sass-loader': '^6.0.3',
     semver: '^5.1.0',
     'silent-error': '^1.0.0',
     'source-map-loader': '^0.2.0',
     'source-map-support': '^0.4.1',
     'istanbul-instrumenter-loader': '^3.0.0',
     'style-loader': '^0.13.1',
     stylus: '^0.54.5',
     'stylus-loader': '^3.0.1',
     'uglifyjs-webpack-plugin': '^1.1.5',
     'url-loader': '^0.6.2',
     webpack: '~3.10.0',
     'webpack-dev-middleware': '~1.12.0',
     'webpack-dev-server': '~2.9.3',
     'webpack-merge': '^4.1.0',
     'webpack-sources': '^1.0.0',
     'webpack-subresource-integrity': '^1.0.1',
     'zone.js': '^0.8.14',
     'node-sass': '^4.3.0' },
  optionalDependencies: { 'node-sass': '^4.3.0' },
  dist:
   { integrity: 'sha512-g4TD6mjIUpMsFSah3Wm0I0Q5AEbccgi2Dy2W4ec2fCz49FmATNnQ9wg8ePlO4B9RllAtnqdyaqzcGaLpB4SKew==',
     shasum: '422b72871776a8acca6026cbc3d21af82b197046',
     tarball: 'https://registry.npmjs.org/@angular/cli/-/cli-1.6.4.tgz' },
  directories: {} }


C:\Users\Dell>npm config ls
; cli configs
metrics-registry = "https://registry.npmjs.org/"
scope = ""
user-agent = "npm/5.6.0 node/v8.9.4 win32 x64"

; builtin config undefined
prefix = "C:\\Users\\Dell\\AppData\\Roaming\\npm"

; node bin location = C:\Program Files\nodejs\node.exe
; cwd = C:\Users\Dell
; HOME = C:\Users\Dell
; "npm config ls -l" to show all defaults.


C:\Users\Dell>npm config ls -l
; cli configs
long = true
metrics-registry = "https://registry.npmjs.org/"
scope = ""
user-agent = "npm/5.6.0 node/v8.9.4 win32 x64"

; builtin config undefined
prefix = "C:\\Users\\Dell\\AppData\\Roaming\\npm"

; default values
access = null
allow-same-version = false
also = null
always-auth = false
auth-type = "legacy"
bin-links = true
browser = null
ca = null
cache = "C:\\Users\\Dell\\AppData\\Roaming\\npm-cache"
cache-lock-retries = 10
cache-lock-stale = 60000
cache-lock-wait = 10000
cache-max = null
cache-min = 10
cafile = undefined
cert = null
cidr = null
color = true
commit-hooks = true
depth = null
description = true
dev = false
dry-run = false
editor = "notepad.exe"
engine-strict = false
fetch-retries = 2
fetch-retry-factor = 10
fetch-retry-maxtimeout = 60000
fetch-retry-mintimeout = 10000
force = false
git = "git"
git-tag-version = true
global = false
global-style = false
globalconfig = "C:\\Users\\Dell\\AppData\\Roaming\\npm\\etc\\npmrc"
globalignorefile = "C:\\Users\\Dell\\AppData\\Roaming\\npm\\etc\\npmignore"
group = 0
ham-it-up = false
heading = "npm"
https-proxy = null
if-present = false
ignore-prepublish = false
ignore-scripts = false
init-author-email = ""
init-author-name = ""
init-author-url = ""
init-license = "ISC"
init-module = "C:\\Users\\Dell\\.npm-init.js"
init-version = "1.0.0"
json = false
key = null
legacy-bundling = false
link = false
local-address = undefined
loglevel = "notice"
logs-max = 10
; long = false (overridden)
maxsockets = 50
message = "%s"
; metrics-registry = null (overridden)
node-options = null
node-version = "8.9.4"
offline = false
onload-script = null
only = null
optional = true
otp = 0
package-lock = true
package-lock-only = false
parseable = false
prefer-offline = false
prefer-online = false
; prefix = "C:\\Program Files\\nodejs" (overridden)
production = false
progress = true
proxy = null
read-only = false
rebuild-bundle = true
registry = "https://registry.npmjs.org/"
rollback = true
save = true
save-bundle = false
save-dev = false
save-exact = false
save-optional = false
save-prefix = "^"
save-prod = false
scope = ""
script-shell = null
scripts-prepend-node-path = "warn-only"
searchexclude = null
searchlimit = 20
searchopts = ""
searchstaleness = 900
send-metrics = false
shell = "C:\\Windows\\system32\\cmd.exe"
shrinkwrap = true
sign-git-tag = false
sso-poll-frequency = 500
sso-type = "oauth"
strict-ssl = true
tag = "latest"
tag-version-prefix = "v"
timing = false
tmp = "C:\\Users\\Dell\\AppData\\Local\\Temp"
umask = 0
unicode = false
unsafe-perm = true
usage = false
user = 0
; user-agent = "npm/{npm-version} node/{node-version} {platform} {arch}" (overridden)
userconfig = "C:\\Users\\Dell\\.npmrc"
version = false
versions = false
viewer = "browser"



C:\Users\Dell>ng -v
'ng' is not recognized as an internal or external command,
operable program or batch file.

C:\Users\Dell>npm install -g @angular/cli
C:\Users\Dell\AppData\Roaming\npm\ng -> C:\Users\Dell\AppData\Roaming\npm\node_modules\@angular\cli\bin\ng

> node-sass@4.7.2 install C:\Users\Dell\AppData\Roaming\npm\node_modules\@angular\cli\node_modules\node-sass
> node scripts/install.js

Downloading binary from https://github.com/sass/node-sass/releases/download/v4.7.2/win32-x64-57_binding.node
Download complete  ] - :
Binary saved to C:\Users\Dell\AppData\Roaming\npm\node_modules\@angular\cli\node_modules\node-sass\vendor\win32-x64-57\binding.node
Caching binary to C:\Users\Dell\AppData\Roaming\npm-cache\node-sass\4.7.2\win32-x64-57_binding.node

> uglifyjs-webpack-plugin@0.4.6 postinstall C:\Users\Dell\AppData\Roaming\npm\node_modules\@angular\cli\node_modules\webpack\node_modules\uglifyjs-webpack-plugin
> node lib/post_install.js


> node-sass@4.7.2 postinstall C:\Users\Dell\AppData\Roaming\npm\node_modules\@angular\cli\node_modules\node-sass
> node scripts/build.js

Binary found at C:\Users\Dell\AppData\Roaming\npm\node_modules\@angular\cli\node_modules\node-sass\vendor\win32-x64-57\binding.node
Testing binary
Binary is fine
npm WARN @schematics/angular@0.1.13 requires a peer of @angular-devkit/schematics@0.0.46 but none is installed. You must install peer dependencies yourself.
npm WARN @schematics/schematics@0.0.13 requires a peer of @angular-devkit/schematics@0.0.46 but none is installed. You must install peer dependencies yourself.
npm WARN optional SKIPPING OPTIONAL DEPENDENCY: fsevents@1.1.3 (node_modules\@angular\cli\node_modules\fsevents):
npm WARN notsup SKIPPING OPTIONAL DEPENDENCY: Unsupported platform for fsevents@1.1.3: wanted {"os":"darwin","arch":"any"} (current: {"os":"win32","arch":"x64"})

+ @angular/cli@1.6.4
added 1003 packages in 348.131s

C:\Users\Dell>ng -v

    _                      _                 ____ _     ___
   / \   _ __   __ _ _   _| | __ _ _ __     / ___| |   |_ _|
  / ? \ | '_ \ / _` | | | | |/ _` | '__|   | |   | |    | |
 / ___ \| | | | (_| | |_| | | (_| | |      | |___| |___ | |
/_/   \_\_| |_|\__, |\__,_|_|\__,_|_|       \____|_____|___|
               |___/

Angular CLI: 1.6.4
Node: 8.9.4
OS: win32 x64
Angular:
...

C:\Users\Dell>cd Documents

C:\Users\Dell\Documents>ls
'ls' is not recognized as an internal or external command,
operable program or batch file.

C:\Users\Dell\Documents>ls
'ls' is not recognized as an internal or external command,
operable program or batch file.

C:\Users\Dell\Documents>tsc greet.ts
'tsc' is not recognized as an internal or external command,
operable program or batch file.

C:\Users\Dell\Documents>cd ..

C:\Users\Dell>tsc greet.ts
'tsc' is not recognized as an internal or external command,
operable program or batch file.

C:\Users\Dell>cd C:\Users\Dell\Documents

C:\Users\Dell\Documents>tsc greet.ts
'tsc' is not recognized as an internal or external command,
operable program or batch file.

C:\Users\Dell\Documents>npm install -g typescript
C:\Users\Dell\AppData\Roaming\npm\tsc -> C:\Users\Dell\AppData\Roaming\npm\node_modules\typescript\bin\tsc
C:\Users\Dell\AppData\Roaming\npm\tsserver -> C:\Users\Dell\AppData\Roaming\npm\node_modules\typescript\bin\tsserver
+ typescript@2.6.2
added 1 package in 1.842s

C:\Users\Dell\Documents>tsc greet.ts
error TS6053: File 'greet.ts' not found.

C:\Users\Dell\Documents>tsc greet.ts
error TS6053: File 'greet.ts' not found.

C:\Users\Dell\Documents>ls
'ls' is not recognized as an internal or external command,
operable program or batch file.

C:\Users\Dell\Documents>tsc greet.ts

C:\Users\Dell\Documents>node greet.ts
C:\Users\Dell\Documents\greet.ts:1
(function (exports, require, module, __filename, __dirname) { function greeter(person:string) {
                                                                                     ^

SyntaxError: Unexpected token :
    at createScript (vm.js:80:10)
    at Object.runInThisContext (vm.js:139:10)
    at Module._compile (module.js:607:28)
    at Object.Module._extensions..js (module.js:654:10)
    at Module.load (module.js:556:32)
    at tryModuleLoad (module.js:499:12)
    at Function.Module._load (module.js:491:3)
    at Function.Module.runMain (module.js:684:10)
    at startup (bootstrap_node.js:187:16)
    at bootstrap_node.js:608:3

C:\Users\Dell\Documents>node greet.js
Hello, kajal

C:\Users\Dell\Documents>tsc greet.ts
greet.ts(5,25): error TS2345: Argument of type '666' is not assignable to parameter of type 'string'.

C:\Users\Dell\Documents>tsc greet.ts

C:\Users\Dell\Documents>node greet.js
Hello, 66

C:\Users\Dell\Documents>tsc greet.ts

C:\Users\Dell\Documents>ng new sampleNg
  create sampleNg/e2e/app.e2e-spec.ts (291 bytes)
  create sampleNg/e2e/app.po.ts (208 bytes)
  create sampleNg/e2e/tsconfig.e2e.json (235 bytes)
  create sampleNg/karma.conf.js (923 bytes)
  create sampleNg/package.json (1320 bytes)
  create sampleNg/protractor.conf.js (722 bytes)
  create sampleNg/README.md (1024 bytes)
  create sampleNg/tsconfig.json (363 bytes)
  create sampleNg/tslint.json (3040 bytes)
  create sampleNg/.angular-cli.json (1244 bytes)
  create sampleNg/.editorconfig (245 bytes)
  create sampleNg/.gitignore (529 bytes)
  create sampleNg/src/assets/.gitkeep (0 bytes)
  create sampleNg/src/environments/environment.prod.ts (51 bytes)
  create sampleNg/src/environments/environment.ts (387 bytes)
  create sampleNg/src/favicon.ico (5430 bytes)
  create sampleNg/src/index.html (295 bytes)
  create sampleNg/src/main.ts (370 bytes)
  create sampleNg/src/polyfills.ts (2405 bytes)
  create sampleNg/src/styles.css (80 bytes)
  create sampleNg/src/test.ts (642 bytes)
  create sampleNg/src/tsconfig.app.json (211 bytes)
  create sampleNg/src/tsconfig.spec.json (304 bytes)
  create sampleNg/src/typings.d.ts (104 bytes)
  create sampleNg/src/app/app.module.ts (316 bytes)
  create sampleNg/src/app/app.component.html (1141 bytes)
  create sampleNg/src/app/app.component.spec.ts (986 bytes)
  create sampleNg/src/app/app.component.ts (207 bytes)
  create sampleNg/src/app/app.component.css (0 bytes)
Installing packages for tooling via npm.
npm WARN deprecated nodemailer@2.7.2: All versions below 4.0.1 of Nodemailer are deprecated. See https://nodemailer.com/status/
npm WARN deprecated node-uuid@1.4.8: Use uuid module instead

> uws@0.14.5 install C:\Users\Dell\Documents\sampleNg\node_modules\uws
> node-gyp rebuild > build_log.txt 2>&1 || exit 0


> node-sass@4.7.2 install C:\Users\Dell\Documents\sampleNg\node_modules\node-sass
> node scripts/install.js

Cached binary found at C:\Users\Dell\AppData\Roaming\npm-cache\node-sass\4.7.2\win32-x64-57_binding.node

> uglifyjs-webpack-plugin@0.4.6 postinstall C:\Users\Dell\Documents\sampleNg\node_modules\webpack\node_modules\uglifyjs-webpack-plugin
> node lib/post_install.js


> node-sass@4.7.2 postinstall C:\Users\Dell\Documents\sampleNg\node_modules\node-sass
> node scripts/build.js

Binary found at C:\Users\Dell\Documents\sampleNg\node_modules\node-sass\vendor\win32-x64-57\binding.node
Testing binary
Binary is fine
npm WARN @schematics/angular@0.1.13 requires a peer of @angular-devkit/schematics@0.0.46 but none is installed. You must install peer dependencies yourself.
npm WARN @schematics/schematics@0.0.13 requires a peer of @angular-devkit/schematics@0.0.46 but none is installed. You must install peer dependencies yourself.
npm WARN optional SKIPPING OPTIONAL DEPENDENCY: fsevents@1.1.3 (node_modules\fsevents):
npm WARN notsup SKIPPING OPTIONAL DEPENDENCY: Unsupported platform for fsevents@1.1.3: wanted {"os":"darwin","arch":"any"} (current: {"os":"win32","arch":"x64"})

added 1306 packages in 470.953s
Installed packages for tooling via npm.
Project 'sampleNg' successfully created.

C:\Users\Dell\Documents>ng serve
node_modules appears empty, you may need to run `npm install`

C:\Users\Dell\Documents>cd sampleNg

C:\Users\Dell\Documents\sampleNg>ng serve
